$ npm test

> pincer-workflow@0.4.1 test
> node test/smoke.test.js && node test/installer.test.js && node test/ticket.test.js && node test/validation.test.js && node test/verification.test.js && node test/behavioral-verification.test.js && n

pincer: this repo already has PINCER installed (.pincer.json exists) — use `pincer update`.
smoke test passed
installer preservation tests passed
ticket lifecycle test passed
ticket validation tests passed
verification freshness tests passed
behavioral verification acceptance set passed (3 controlled faults)
evidence validator tests passed
candidate identity and evidence integration tests passed
PRD recovery tests passed
hook regression tests passed (277 payloads)
runtime parser tests passed
runtime identity and source manifest tests passed
runtime state and locking tests passed
runtime status tests passed
runtime runner tests passed
runtime lifecycle tests passed
runtime migration tests passed
runtime evidence tests passed
workflow contract tests passed
runtime contract document tests passed
distribution parity and packed-install tests passed
exit 0
